
ASUS@DESKTOP-5L5P4C0 MINGW64 ~/OneDrive/Desktop/basic_repo (master)
$ git init
Initialized empty Git repository in C:/Users/ASUS/OneDrive/Desktop/basic_repo/.git/

ASUS@DESKTOP-5L5P4C0 MINGW64 ~/OneDrive/Desktop/basic_repo (master)
$ git remote add origin https://github.com/jehad-issa/Basic_repo.git

ASUS@DESKTOP-5L5P4C0 MINGW64 ~/OneDrive/Desktop/basic_repo (master)
$ touch index.html

ASUS@DESKTOP-5L5P4C0 MINGW64 ~/OneDrive/Desktop/basic_repo (master)
$ touch jehad.txt

ASUS@DESKTOP-5L5P4C0 MINGW64 ~/OneDrive/Desktop/basic_repo (master)
$ git add .

ASUS@DESKTOP-5L5P4C0 MINGW64 ~/OneDrive/Desktop/basic_repo (master)
$ git status
On branch master

No commits yet

Changes to be committed:
  (use "git rm --cached <file>..." to unstage)
        new file:   index.html
        new file:   jehad.txt


ASUS@DESKTOP-5L5P4C0 MINGW64 ~/OneDrive/Desktop/basic_repo (master)
$ git commit -m "1st commit"
[master (root-commit) 47d44ae] 1st commit
 2 files changed, 0 insertions(+), 0 deletions(-)
 create mode 100644 index.html
 create mode 100644 jehad.txt
